[2026-08-08T22:44:09.969Z] [acquire] launching headed, non-persistent Chromium (no userDataDir)
[2026-08-08T22:44:12.828Z] [acquire] navigating to https://purdue.brightspace.com/d2l/home
[2026-08-08T22:44:13.472Z] [acquire] net GET 200 https://purdue.brightspace.com/d2l/home
[2026-08-08T22:44:13.482Z] [acquire] framenavigated -> https://purdue.brightspace.com/d2l/home
[2026-08-08T22:44:13.622Z] [acquire] net GET 200 https://purdue.brightspace.com/d2l/login?sessionExpired=0&target=%2fd2l%2fhome
[2026-08-08T22:44:13.625Z] [acquire] framenavigated -> https://purdue.brightspace.com/d2l/login?sessionExpired=0&target=%2fd2l%2fhome
[2026-08-08T22:44:13.670Z] [acquire] net GET 200 https://purdue.brightspace.com/d2l/portal/js/desktop?v=20.26.7.23576
[2026-08-08T22:44:13.995Z] [acquire] net GET 200 https://purdue.brightspace.com/d2l/lp/auth/static/Loader.js
[2026-08-08T22:44:14.213Z] [acquire] net GET 200 https://purdue.brightspace.com/d2l/systemCheck/widget
[2026-08-08T22:44:14.265Z] [acquire] net GET 200 https://purdue.brightspace.com/d2l/lp/navbars/6606/theme/viewimage/953/view?v=20.26.7.23576
[2026-08-08T22:44:14.267Z] [acquire] net GET 200 https://purdue.brightspace.com/shared/loginpage/banner_student1.jpg
[2026-08-08T22:44:14.397Z] [acquire] net GET 200 https://purdue.brightspace.com/d2l/systemCheck/WidgetPartial?r=1&_d2l_prc%24headingLevel=2&_d2l_prc%24scope=&_d2l_prc%24hasActiveForm=false&isXhr=true&requestId=2
[2026-08-08T22:44:14.448Z] [acquire] net GET 200 https://purdue.brightspace.com/d2l/img/0/SystemCheck.Main.itemRecommendation.png?v=20.26.7.23576
[2026-08-08T22:44:14.503Z] [acquire] screenshot -> /Users/davidchen/PaperShelf/experiment-1-fresh-cookie/artifacts/00-start.png
[2026-08-08T22:44:14.504Z] [acquire] URL after initial settle: https://purdue.brightspace.com/d2l/login?sessionExpired=0&target=%2fd2l%2fhome
[2026-08-08T22:44:14.519Z] [acquire] net GET 200 https://purdue.brightspace.com/d2l/lp/web/faviconView?variant=0&version=1
[2026-08-08T22:44:14.672Z] [acquire] net GET 302 https://purdue.brightspace.com/d2l/lp/auth/saml/initiate-login?entityId=https://idp.purdue.edu/idp/shibboleth&target=%2fd2l%2fhome
[2026-08-08T22:44:15.011Z] [acquire] framenavigated -> https://sso.purdue.edu/idp/profile/SAML2/Redirect/SSO?execution=e1s1
[2026-08-08T22:44:15.014Z] [acquire] clicked campus selector: Purdue West Lafayette / Indianapolis
[2026-08-08T22:44:15.667Z] [acquire] net GET 200 https://login.microsoftonline.com/4130bd39-7c53-419c-b1e5-8758d6d63f21/saml2?SAMLRequest=fVLLbtswEPwVgneJeksmLAdujCAG0saIlB56KSRqGROgSJVLpe3fV%2FGjSHsIwBtnZ3Zmdn3za9TkFRwqa2oahxElYIQdlHmp6XN7F1T0ZrPGbtTJxLezP5on%2BDEDerIMGuTnn5rOznDboUJuuhGQe8Gb7ecHnoQRn5z1VlhNyRYRnF%2Bkbq3BeQTXgHtVAp6fHmp69H5CzhiiDafZDTOEMMxMDRNbGKTSwE4LsDfihB0em5Y1zSMlu2UdZTp%2FsnBl0fZFmXBUwlm00lujlYFQ2JFlcRr1Q7oKSpGnQRavRNDHkAdVmVdDMRSpTGJ28kXJflfT7yDzXlYFlKWM5SCKvMylzES%2BqiIo4k4sMMQZ9gZ9Z3xNkygpgqhaXpskPMt4nIdpkX6j5HBJ4pMy54Q%2Fiq0%2Fg5Dft%2B0heLNLyddrUwuAXnrhJ3X3vpCPibtrC3RzTWsJ%2Bf%2FM8aj63mrwxzV7r%2FP3Gr4sxPvdwWolfpOt1vbnrYPOQ029m4GyzWXu37vZ%2FAE%3D&RelayState=e1s2&SigAlg=http%3A%2F%2Fwww.w3.org%2F2001%2F04%2Fxmldsig-more%23rsa-sha256&Signature=Xo%2F8%2BAG2OAh9tizl9%2BEab%2Bi%2B0oqYzuVREYDJVNoyEoETZKoZxPIU9LNPNTnRXMbCIBiLGRdGkuy%2BfEa1vcE%2F%2BqVnYmxO%2B4S0peuekaohGGo2d%2BtxblRDjHuN5OVhf47eKBYh5RdEfmJOpIlzRFDrjpGF7hFl%2BOkV41Mo9ilWq16xADo58h8qAfSM1o2YBC1NkmR97wPaWkNt6bzszBTEK7%2FsbiLrv9mY6jpVIdwmT1SsR5IZaVst2PZ0NdrZ2Vq18svpRCSHvOtIWINMoa5BI9spPV1zOvDxLDLuyEyI0u%2BJYNXJindK4mCWN8gZCE1eHFMHidh58X0%2FyFHOtJBBwfY5SL3zI61%2BotiNS5Pus60yaye8fsyzulWRtEyzJo3nJ9T6A5tM1be9A0DZCfdQnP9koacSHmIUIU07avFoUFLP3d11shCF0pl5LmfxpHrope%2Fg6MLB1e%2B8EfS7qJwbF6KeJ8q37aS5epbBsNh8ZgeZBIwlZ6BCfw%2BXh%2FMUqWjmr601u9ZChINctxk2wKdOaRuTMhH3%2FTaLpymPKt4CBOVSivhYvhF2bODz3yxgTb%2FVJ4FWPFXu%2B10sFd8fjzS1QiorxeAo2As3t2UAwoJbWxa%2FSPCtupT%2B9h7phe3SypFHqOTib0wcibVdPYe1YfDuxnLgLqy1vTnmrx162%2BjV4uw%3D
[2026-08-08T22:44:15.682Z] [acquire] framenavigated -> https://login.microsoftonline.com/4130bd39-7c53-419c-b1e5-8758d6d63f21/saml2?SAMLRequest=fVLLbtswEPwVgneJeksmLAdujCAG0saIlB56KSRqGROgSJVLpe3fV%2FGjSHsIwBtnZ3Zmdn3za9TkFRwqa2oahxElYIQdlHmp6XN7F1T0ZrPGbtTJxLezP5on%2BDEDerIMGuTnn5rOznDboUJuuhGQe8Gb7ecHnoQRn5z1VlhNyRYRnF%2Bkbq3BeQTXgHtVAp6fHmp69H5CzhiiDafZDTOEMMxMDRNbGKTSwE4LsDfihB0em5Y1zSMlu2UdZTp%2FsnBl0fZFmXBUwlm00lujlYFQ2JFlcRr1Q7oKSpGnQRavRNDHkAdVmVdDMRSpTGJ28kXJflfT7yDzXlYFlKWM5SCKvMylzES%2BqiIo4k4sMMQZ9gZ9Z3xNkygpgqhaXpskPMt4nIdpkX6j5HBJ4pMy54Q%2Fiq0%2Fg5Dft%2B0heLNLyddrUwuAXnrhJ3X3vpCPibtrC3RzTWsJ%2Bf%2FM8aj63mrwxzV7r%2FP3Gr4sxPvdwWolfpOt1vbnrYPOQ029m4GyzWXu37vZ%2FAE%3D&RelayState=e1s2&SigAlg=http%3A%2F%2Fwww.w3.org%2F2001%2F04%2Fxmldsig-more%23rsa-sha256&Signature=Xo%2F8%2BAG2OAh9tizl9%2BEab%2Bi%2B0oqYzuVREYDJVNoyEoETZKoZxPIU9LNPNTnRXMbCIBiLGRdGkuy%2BfEa1vcE%2F%2BqVnYmxO%2B4S0peuekaohGGo2d%2BtxblRDjHuN5OVhf47eKBYh5RdEfmJOpIlzRFDrjpGF7hFl%2BOkV41Mo9ilWq16xADo58h8qAfSM1o2YBC1NkmR97wPaWkNt6bzszBTEK7%2FsbiLrv9mY6jpVIdwmT1SsR5IZaVst2PZ0NdrZ2Vq18svpRCSHvOtIWINMoa5BI9spPV1zOvDxLDLuyEyI0u%2BJYNXJindK4mCWN8gZCE1eHFMHidh58X0%2FyFHOtJBBwfY5SL3zI61%2BotiNS5Pus60yaye8fsyzulWRtEyzJo3nJ9T6A5tM1be9A0DZCfdQnP9koacSHmIUIU07avFoUFLP3d11shCF0pl5LmfxpHrope%2Fg6MLB1e%2B8EfS7qJwbF6KeJ8q37aS5epbBsNh8ZgeZBIwlZ6BCfw%2BXh%2FMUqWjmr601u9ZChINctxk2wKdOaRuTMhH3%2FTaLpymPKt4CBOVSivhYvhF2bODz3yxgTb%2FVJ4FWPFXu%2B10sFd8fjzS1QiorxeAo2As3t2UAwoJbWxa%2FSPCtupT%2B9h7phe3SypFHqOTib0wcibVdPYe1YfDuxnLgLqy1vTnmrx162%2BjV4uw%3D
[2026-08-08T22:44:15.924Z] [acquire] URL after campus selection: https://login.microsoftonline.com/4130bd39-7c53-419c-b1e5-8758d6d63f21/saml2?SAMLRequest=fVLLbtswEPwVgneJeksmLAdujCAG0saIlB56KSRqGROgSJVLpe3fV%2FGjSHsIwBtnZ3Zmdn3za9TkFRwqa2oahxElYIQdlHmp6XN7F1T0ZrPGbtTJxLezP5on%2BDEDerIMGuTnn5rOznDboUJuuhGQe8Gb7ecHnoQRn5z1VlhNyRYRnF%2Bkbq3BeQTXgHtVAp6fHmp69H5CzhiiDafZDTOEMMxMDRNbGKTSwE4LsDfihB0em5Y1zSMlu2UdZTp%2FsnBl0fZFmXBUwlm00lujlYFQ2JFlcRr1Q7oKSpGnQRavRNDHkAdVmVdDMRSpTGJ28kXJflfT7yDzXlYFlKWM5SCKvMylzES%2BqiIo4k4sMMQZ9gZ9Z3xNkygpgqhaXpskPMt4nIdpkX6j5HBJ4pMy54Q%2Fiq0%2Fg5Dft%2B0heLNLyddrUwuAXnrhJ3X3vpCPibtrC3RzTWsJ%2Bf%2FM8aj63mrwxzV7r%2FP3Gr4sxPvdwWolfpOt1vbnrYPOQ029m4GyzWXu37vZ%2FAE%3D&RelayState=e1s2&SigAlg=http%3A%2F%2Fwww.w3.org%2F2001%2F04%2Fxmldsig-more%23rsa-sha256&Signature=Xo%2F8%2BAG2OAh9tizl9%2BEab%2Bi%2B0oqYzuVREYDJVNoyEoETZKoZxPIU9LNPNTnRXMbCIBiLGRdGkuy%2BfEa1vcE%2F%2BqVnYmxO%2B4S0peuekaohGGo2d%2BtxblRDjHuN5OVhf47eKBYh5RdEfmJOpIlzRFDrjpGF7hFl%2BOkV41Mo9ilWq16xADo58h8qAfSM1o2YBC1NkmR97wPaWkNt6bzszBTEK7%2FsbiLrv9mY6jpVIdwmT1SsR5IZaVst2PZ0NdrZ2Vq18svpRCSHvOtIWINMoa5BI9spPV1zOvDxLDLuyEyI0u%2BJYNXJindK4mCWN8gZCE1eHFMHidh58X0%2FyFHOtJBBwfY5SL3zI61%2BotiNS5Pus60yaye8fsyzulWRtEyzJo3nJ9T6A5tM1be9A0DZCfdQnP9koacSHmIUIU07avFoUFLP3d11shCF0pl5LmfxpHrope%2Fg6MLB1e%2B8EfS7qJwbF6KeJ8q37aS5epbBsNh8ZgeZBIwlZ6BCfw%2BXh%2FMUqWjmr601u9ZChINctxk2wKdOaRuTMhH3%2FTaLpymPKt4CBOVSivhYvhF2bODz3yxgTb%2FVJ4FWPFXu%2B10sFd8fjzS1QiorxeAo2As3t2UAwoJbWxa%2FSPCtupT%2B9h7phe3SypFHqOTib0wcibVdPYe1YfDuxnLgLqy1vTnmrx162%2BjV4uw%3D
[2026-08-08T22:44:15.929Z] [acquire] page.console [info] BSSO Telemetry: {"result":"Error","error":"NoExtension","type":"ChromeSsoTelemetry","data":{},"traces":["BrowserSSO Initialized","Creating ChromeBrowserCore provider","Sending message for method CreateProviderAsync","Received message for method CreateProviderAsync","Error: ChromeBrowserCore error NoExtension: Extension is not installed."]}
[2026-08-08T22:44:16.011Z] [acquire] page.console [error] Failed to load resource: the server responded with a status of 404 (Not Found)
[2026-08-08T22:44:16.083Z] [acquire] net GET 200 https://login.microsoftonline.com/4130bd39-7c53-419c-b1e5-8758d6d63f21/saml2?SAMLRequest=fVLLbtswEPwVgneJeksmLAdujCAG0saIlB56KSRqGROgSJVLpe3fV%2FGjSHsIwBtnZ3Zmdn3za9TkFRwqa2oahxElYIQdlHmp6XN7F1T0ZrPGbtTJxLezP5on%2BDEDerIMGuTnn5rOznDboUJuuhGQe8Gb7ecHnoQRn5z1VlhNyRYRnF%2Bkbq3BeQTXgHtVAp6fHmp69H5CzhiiDafZDTOEMMxMDRNbGKTSwE4LsDfihB0em5Y1zSMlu2UdZTp%2FsnBl0fZFmXBUwlm00lujlYFQ2JFlcRr1Q7oKSpGnQRavRNDHkAdVmVdDMRSpTGJ28kXJflfT7yDzXlYFlKWM5SCKvMylzES%2BqiIo4k4sMMQZ9gZ9Z3xNkygpgqhaXpskPMt4nIdpkX6j5HBJ4pMy54Q%2Fiq0%2Fg5Dft%2B0heLNLyddrUwuAXnrhJ3X3vpCPibtrC3RzTWsJ%2Bf%2FM8aj63mrwxzV7r%2FP3Gr4sxPvdwWolfpOt1vbnrYPOQ029m4GyzWXu37vZ%2FAE%3D&RelayState=e1s2&SigAlg=http%3A%2F%2Fwww.w3.org%2F2001%2F04%2Fxmldsig-more%23rsa-sha256&Signature=Xo%2F8%2BAG2OAh9tizl9%2BEab%2Bi%2B0oqYzuVREYDJVNoyEoETZKoZxPIU9LNPNTnRXMbCIBiLGRdGkuy%2BfEa1vcE%2F%2BqVnYmxO%2B4S0peuekaohGGo2d%2BtxblRDjHuN5OVhf47eKBYh5RdEfmJOpIlzRFDrjpGF7hFl%2BOkV41Mo9ilWq16xADo58h8qAfSM1o2YBC1NkmR97wPaWkNt6bzszBTEK7%2FsbiLrv9mY6jpVIdwmT1SsR5IZaVst2PZ0NdrZ2Vq18svpRCSHvOtIWINMoa5BI9spPV1zOvDxLDLuyEyI0u%2BJYNXJindK4mCWN8gZCE1eHFMHidh58X0%2FyFHOtJBBwfY5SL3zI61%2BotiNS5Pus60yaye8fsyzulWRtEyzJo3nJ9T6A5tM1be9A0DZCfdQnP9koacSHmIUIU07avFoUFLP3d11shCF0pl5LmfxpHrope%2Fg6MLB1e%2B8EfS7qJwbF6KeJ8q37aS5epbBsNh8ZgeZBIwlZ6BCfw%2BXh%2FMUqWjmr601u9ZChINctxk2wKdOaRuTMhH3%2FTaLpymPKt4CBOVSivhYvhF2bODz3yxgTb%2FVJ4FWPFXu%2B10sFd8fjzS1QiorxeAo2As3t2UAwoJbWxa%2FSPCtupT%2B9h7phe3SypFHqOTib0wcibVdPYe1YfDuxnLgLqy1vTnmrx162%2BjV4uw%3D&sso_reload=true
[2026-08-08T22:44:16.084Z] [acquire] framenavigated -> https://login.microsoftonline.com/4130bd39-7c53-419c-b1e5-8758d6d63f21/saml2?SAMLRequest=fVLLbtswEPwVgneJeksmLAdujCAG0saIlB56KSRqGROgSJVLpe3fV%2FGjSHsIwBtnZ3Zmdn3za9TkFRwqa2oahxElYIQdlHmp6XN7F1T0ZrPGbtTJxLezP5on%2BDEDerIMGuTnn5rOznDboUJuuhGQe8Gb7ecHnoQRn5z1VlhNyRYRnF%2Bkbq3BeQTXgHtVAp6fHmp69H5CzhiiDafZDTOEMMxMDRNbGKTSwE4LsDfihB0em5Y1zSMlu2UdZTp%2FsnBl0fZFmXBUwlm00lujlYFQ2JFlcRr1Q7oKSpGnQRavRNDHkAdVmVdDMRSpTGJ28kXJflfT7yDzXlYFlKWM5SCKvMylzES%2BqiIo4k4sMMQZ9gZ9Z3xNkygpgqhaXpskPMt4nIdpkX6j5HBJ4pMy54Q%2Fiq0%2Fg5Dft%2B0heLNLyddrUwuAXnrhJ3X3vpCPibtrC3RzTWsJ%2Bf%2FM8aj63mrwxzV7r%2FP3Gr4sxPvdwWolfpOt1vbnrYPOQ029m4GyzWXu37vZ%2FAE%3D&RelayState=e1s2&SigAlg=http%3A%2F%2Fwww.w3.org%2F2001%2F04%2Fxmldsig-more%23rsa-sha256&Signature=Xo%2F8%2BAG2OAh9tizl9%2BEab%2Bi%2B0oqYzuVREYDJVNoyEoETZKoZxPIU9LNPNTnRXMbCIBiLGRdGkuy%2BfEa1vcE%2F%2BqVnYmxO%2B4S0peuekaohGGo2d%2BtxblRDjHuN5OVhf47eKBYh5RdEfmJOpIlzRFDrjpGF7hFl%2BOkV41Mo9ilWq16xADo58h8qAfSM1o2YBC1NkmR97wPaWkNt6bzszBTEK7%2FsbiLrv9mY6jpVIdwmT1SsR5IZaVst2PZ0NdrZ2Vq18svpRCSHvOtIWINMoa5BI9spPV1zOvDxLDLuyEyI0u%2BJYNXJindK4mCWN8gZCE1eHFMHidh58X0%2FyFHOtJBBwfY5SL3zI61%2BotiNS5Pus60yaye8fsyzulWRtEyzJo3nJ9T6A5tM1be9A0DZCfdQnP9koacSHmIUIU07avFoUFLP3d11shCF0pl5LmfxpHrope%2Fg6MLB1e%2B8EfS7qJwbF6KeJ8q37aS5epbBsNh8ZgeZBIwlZ6BCfw%2BXh%2FMUqWjmr601u9ZChINctxk2wKdOaRuTMhH3%2FTaLpymPKt4CBOVSivhYvhF2bODz3yxgTb%2FVJ4FWPFXu%2B10sFd8fjzS1QiorxeAo2As3t2UAwoJbWxa%2FSPCtupT%2B9h7phe3SypFHqOTib0wcibVdPYe1YfDuxnLgLqy1vTnmrx162%2BjV4uw%3D&sso_reload=true
[2026-08-08T22:44:16.385Z] [acquire] screenshot -> /Users/davidchen/PaperShelf/experiment-1-fresh-cookie/artifacts/01-microsoft-login.png
[2026-08-08T22:44:16.403Z] [acquire] waiting for email; present inputs: 
[2026-08-08T22:44:16.652Z] [acquire] framenavigated -> https://login.microsoftonline.com/4130bd39-7c53-419c-b1e5-8758d6d63f21/saml2?SAMLRequest=fVLLbtswEPwVgneJeksmLAdujCAG0saIlB56KSRqGROgSJVLpe3fV%2FGjSHsIwBtnZ3Zmdn3za9TkFRwqa2oahxElYIQdlHmp6XN7F1T0ZrPGbtTJxLezP5on%2BDEDerIMGuTnn5rOznDboUJuuhGQe8Gb7ecHnoQRn5z1VlhNyRYRnF%2Bkbq3BeQTXgHtVAp6fHmp69H5CzhiiDafZDTOEMMxMDRNbGKTSwE4LsDfihB0em5Y1zSMlu2UdZTp%2FsnBl0fZFmXBUwlm00lujlYFQ2JFlcRr1Q7oKSpGnQRavRNDHkAdVmVdDMRSpTGJ28kXJflfT7yDzXlYFlKWM5SCKvMylzES%2BqiIo4k4sMMQZ9gZ9Z3xNkygpgqhaXpskPMt4nIdpkX6j5HBJ4pMy54Q%2Fiq0%2Fg5Dft%2B0heLNLyddrUwuAXnrhJ3X3vpCPibtrC3RzTWsJ%2Bf%2FM8aj63mrwxzV7r%2FP3Gr4sxPvdwWolfpOt1vbnrYPOQ029m4GyzWXu37vZ%2FAE%3D&RelayState=e1s2&SigAlg=http%3A%2F%2Fwww.w3.org%2F2001%2F04%2Fxmldsig-more%23rsa-sha256&Signature=Xo%2F8%2BAG2OAh9tizl9%2BEab%2Bi%2B0oqYzuVREYDJVNoyEoETZKoZxPIU9LNPNTnRXMbCIBiLGRdGkuy%2BfEa1vcE%2F%2BqVnYmxO%2B4S0peuekaohGGo2d%2BtxblRDjHuN5OVhf47eKBYh5RdEfmJOpIlzRFDrjpGF7hFl%2BOkV41Mo9ilWq16xADo58h8qAfSM1o2YBC1NkmR97wPaWkNt6bzszBTEK7%2FsbiLrv9mY6jpVIdwmT1SsR5IZaVst2PZ0NdrZ2Vq18svpRCSHvOtIWINMoa5BI9spPV1zOvDxLDLuyEyI0u%2BJYNXJindK4mCWN8gZCE1eHFMHidh58X0%2FyFHOtJBBwfY5SL3zI61%2BotiNS5Pus60yaye8fsyzulWRtEyzJo3nJ9T6A5tM1be9A0DZCfdQnP9koacSHmIUIU07avFoUFLP3d11shCF0pl5LmfxpHrope%2Fg6MLB1e%2B8EfS7qJwbF6KeJ8q37aS5epbBsNh8ZgeZBIwlZ6BCfw%2BXh%2FMUqWjmr601u9ZChINctxk2wKdOaRuTMhH3%2FTaLpymPKt4CBOVSivhYvhF2bODz3yxgTb%2FVJ4FWPFXu%2B10sFd8fjzS1QiorxeAo2As3t2UAwoJbWxa%2FSPCtupT%2B9h7phe3SypFHqOTib0wcibVdPYe1YfDuxnLgLqy1vTnmrx162%2BjV4uw%3D&sso_reload=true
[2026-08-08T22:44:16.690Z] [acquire] framenavigated -> https://login.microsoftonline.com/4130bd39-7c53-419c-b1e5-8758d6d63f21/saml2?SAMLRequest=fVLLbtswEPwVgneJeksmLAdujCAG0saIlB56KSRqGROgSJVLpe3fV%2FGjSHsIwBtnZ3Zmdn3za9TkFRwqa2oahxElYIQdlHmp6XN7F1T0ZrPGbtTJxLezP5on%2BDEDerIMGuTnn5rOznDboUJuuhGQe8Gb7ecHnoQRn5z1VlhNyRYRnF%2Bkbq3BeQTXgHtVAp6fHmp69H5CzhiiDafZDTOEMMxMDRNbGKTSwE4LsDfihB0em5Y1zSMlu2UdZTp%2FsnBl0fZFmXBUwlm00lujlYFQ2JFlcRr1Q7oKSpGnQRavRNDHkAdVmVdDMRSpTGJ28kXJflfT7yDzXlYFlKWM5SCKvMylzES%2BqiIo4k4sMMQZ9gZ9Z3xNkygpgqhaXpskPMt4nIdpkX6j5HBJ4pMy54Q%2Fiq0%2Fg5Dft%2B0heLNLyddrUwuAXnrhJ3X3vpCPibtrC3RzTWsJ%2Bf%2FM8aj63mrwxzV7r%2FP3Gr4sxPvdwWolfpOt1vbnrYPOQ029m4GyzWXu37vZ%2FAE%3D&RelayState=e1s2&SigAlg=http%3A%2F%2Fwww.w3.org%2F2001%2F04%2Fxmldsig-more%23rsa-sha256&Signature=Xo%2F8%2BAG2OAh9tizl9%2BEab%2Bi%2B0oqYzuVREYDJVNoyEoETZKoZxPIU9LNPNTnRXMbCIBiLGRdGkuy%2BfEa1vcE%2F%2BqVnYmxO%2B4S0peuekaohGGo2d%2BtxblRDjHuN5OVhf47eKBYh5RdEfmJOpIlzRFDrjpGF7hFl%2BOkV41Mo9ilWq16xADo58h8qAfSM1o2YBC1NkmR97wPaWkNt6bzszBTEK7%2FsbiLrv9mY6jpVIdwmT1SsR5IZaVst2PZ0NdrZ2Vq18svpRCSHvOtIWINMoa5BI9spPV1zOvDxLDLuyEyI0u%2BJYNXJindK4mCWN8gZCE1eHFMHidh58X0%2FyFHOtJBBwfY5SL3zI61%2BotiNS5Pus60yaye8fsyzulWRtEyzJo3nJ9T6A5tM1be9A0DZCfdQnP9koacSHmIUIU07avFoUFLP3d11shCF0pl5LmfxpHrope%2Fg6MLB1e%2B8EfS7qJwbF6KeJ8q37aS5epbBsNh8ZgeZBIwlZ6BCfw%2BXh%2FMUqWjmr601u9ZChINctxk2wKdOaRuTMhH3%2FTaLpymPKt4CBOVSivhYvhF2bODz3yxgTb%2FVJ4FWPFXu%2B10sFd8fjzS1QiorxeAo2As3t2UAwoJbWxa%2FSPCtupT%2B9h7phe3SypFHqOTib0wcibVdPYe1YfDuxnLgLqy1vTnmrx162%2BjV4uw%3D&sso_reload=true
[2026-08-08T22:44:16.741Z] [acquire] framenavigated -> https://login.microsoftonline.com/4130bd39-7c53-419c-b1e5-8758d6d63f21/saml2?SAMLRequest=fVLLbtswEPwVgneJeksmLAdujCAG0saIlB56KSRqGROgSJVLpe3fV%2FGjSHsIwBtnZ3Zmdn3za9TkFRwqa2oahxElYIQdlHmp6XN7F1T0ZrPGbtTJxLezP5on%2BDEDerIMGuTnn5rOznDboUJuuhGQe8Gb7ecHnoQRn5z1VlhNyRYRnF%2Bkbq3BeQTXgHtVAp6fHmp69H5CzhiiDafZDTOEMMxMDRNbGKTSwE4LsDfihB0em5Y1zSMlu2UdZTp%2FsnBl0fZFmXBUwlm00lujlYFQ2JFlcRr1Q7oKSpGnQRavRNDHkAdVmVdDMRSpTGJ28kXJflfT7yDzXlYFlKWM5SCKvMylzES%2BqiIo4k4sMMQZ9gZ9Z3xNkygpgqhaXpskPMt4nIdpkX6j5HBJ4pMy54Q%2Fiq0%2Fg5Dft%2B0heLNLyddrUwuAXnrhJ3X3vpCPibtrC3RzTWsJ%2Bf%2FM8aj63mrwxzV7r%2FP3Gr4sxPvdwWolfpOt1vbnrYPOQ029m4GyzWXu37vZ%2FAE%3D&RelayState=e1s2&SigAlg=http%3A%2F%2Fwww.w3.org%2F2001%2F04%2Fxmldsig-more%23rsa-sha256&Signature=Xo%2F8%2BAG2OAh9tizl9%2BEab%2Bi%2B0oqYzuVREYDJVNoyEoETZKoZxPIU9LNPNTnRXMbCIBiLGRdGkuy%2BfEa1vcE%2F%2BqVnYmxO%2B4S0peuekaohGGo2d%2BtxblRDjHuN5OVhf47eKBYh5RdEfmJOpIlzRFDrjpGF7hFl%2BOkV41Mo9ilWq16xADo58h8qAfSM1o2YBC1NkmR97wPaWkNt6bzszBTEK7%2FsbiLrv9mY6jpVIdwmT1SsR5IZaVst2PZ0NdrZ2Vq18svpRCSHvOtIWINMoa5BI9spPV1zOvDxLDLuyEyI0u%2BJYNXJindK4mCWN8gZCE1eHFMHidh58X0%2FyFHOtJBBwfY5SL3zI61%2BotiNS5Pus60yaye8fsyzulWRtEyzJo3nJ9T6A5tM1be9A0DZCfdQnP9koacSHmIUIU07avFoUFLP3d11shCF0pl5LmfxpHrope%2Fg6MLB1e%2B8EfS7qJwbF6KeJ8q37aS5epbBsNh8ZgeZBIwlZ6BCfw%2BXh%2FMUqWjmr601u9ZChINctxk2wKdOaRuTMhH3%2FTaLpymPKt4CBOVSivhYvhF2bODz3yxgTb%2FVJ4FWPFXu%2B10sFd8fjzS1QiorxeAo2As3t2UAwoJbWxa%2FSPCtupT%2B9h7phe3SypFHqOTib0wcibVdPYe1YfDuxnLgLqy1vTnmrx162%2BjV4uw%3D&sso_reload=true
[2026-08-08T22:44:16.968Z] [acquire] page.console [error] Failed to load resource: the server responded with a status of 401 (Unauthorized)
[2026-08-08T22:44:17.089Z] [acquire] net POST 200 https://login.microsoftonline.com/common/instrumentation/dssostatus
[2026-08-08T22:44:17.131Z] [acquire] page.console [verbose] [DOM] Input elements should have autocomplete attributes (suggested: "current-password"): (More info: https://goo.gl/9p2vKq) %o
[2026-08-08T22:44:18.415Z] [acquire] email field visible: input[type=email]
[2026-08-08T22:44:18.440Z] [acquire] filled email via input[type=email]
[2026-08-08T22:44:18.518Z] [acquire] clicked email-next via input[type=submit]
[2026-08-08T22:44:18.518Z] [acquire] email submitted
[2026-08-08T22:44:18.532Z] [acquire] password field visible: input[type=password]
[2026-08-08T22:44:18.639Z] [acquire] screenshot -> /Users/davidchen/PaperShelf/experiment-1-fresh-cookie/artifacts/02-password.png
[2026-08-08T22:44:18.645Z] [acquire] filled password via input[type=password]
[2026-08-08T22:44:18.930Z] [acquire] net POST 200 https://login.microsoftonline.com/common/GetCredentialType?mkt=en-US
[2026-08-08T22:44:18.931Z] [acquire] framenavigated -> https://login.microsoftonline.com/4130bd39-7c53-419c-b1e5-8758d6d63f21/saml2?SAMLRequest=fVLLbtswEPwVgneJeksmLAdujCAG0saIlB56KSRqGROgSJVLpe3fV%2FGjSHsIwBtnZ3Zmdn3za9TkFRwqa2oahxElYIQdlHmp6XN7F1T0ZrPGbtTJxLezP5on%2BDEDerIMGuTnn5rOznDboUJuuhGQe8Gb7ecHnoQRn5z1VlhNyRYRnF%2Bkbq3BeQTXgHtVAp6fHmp69H5CzhiiDafZDTOEMMxMDRNbGKTSwE4LsDfihB0em5Y1zSMlu2UdZTp%2FsnBl0fZFmXBUwlm00lujlYFQ2JFlcRr1Q7oKSpGnQRavRNDHkAdVmVdDMRSpTGJ28kXJflfT7yDzXlYFlKWM5SCKvMylzES%2BqiIo4k4sMMQZ9gZ9Z3xNkygpgqhaXpskPMt4nIdpkX6j5HBJ4pMy54Q%2Fiq0%2Fg5Dft%2B0heLNLyddrUwuAXnrhJ3X3vpCPibtrC3RzTWsJ%2Bf%2FM8aj63mrwxzV7r%2FP3Gr4sxPvdwWolfpOt1vbnrYPOQ029m4GyzWXu37vZ%2FAE%3D&RelayState=e1s2&SigAlg=http%3A%2F%2Fwww.w3.org%2F2001%2F04%2Fxmldsig-more%23rsa-sha256&Signature=Xo%2F8%2BAG2OAh9tizl9%2BEab%2Bi%2B0oqYzuVREYDJVNoyEoETZKoZxPIU9LNPNTnRXMbCIBiLGRdGkuy%2BfEa1vcE%2F%2BqVnYmxO%2B4S0peuekaohGGo2d%2BtxblRDjHuN5OVhf47eKBYh5RdEfmJOpIlzRFDrjpGF7hFl%2BOkV41Mo9ilWq16xADo58h8qAfSM1o2YBC1NkmR97wPaWkNt6bzszBTEK7%2FsbiLrv9mY6jpVIdwmT1SsR5IZaVst2PZ0NdrZ2Vq18svpRCSHvOtIWINMoa5BI9spPV1zOvDxLDLuyEyI0u%2BJYNXJindK4mCWN8gZCE1eHFMHidh58X0%2FyFHOtJBBwfY5SL3zI61%2BotiNS5Pus60yaye8fsyzulWRtEyzJo3nJ9T6A5tM1be9A0DZCfdQnP9koacSHmIUIU07avFoUFLP3d11shCF0pl5LmfxpHrope%2Fg6MLB1e%2B8EfS7qJwbF6KeJ8q37aS5epbBsNh8ZgeZBIwlZ6BCfw%2BXh%2FMUqWjmr601u9ZChINctxk2wKdOaRuTMhH3%2FTaLpymPKt4CBOVSivhYvhF2bODz3yxgTb%2FVJ4FWPFXu%2B10sFd8fjzS1QiorxeAo2As3t2UAwoJbWxa%2FSPCtupT%2B9h7phe3SypFHqOTib0wcibVdPYe1YfDuxnLgLqy1vTnmrx162%2BjV4uw%3D&sso_reload=true
[2026-08-08T22:44:19.263Z] [acquire] page.console [error] Failed to load resource: the server responded with a status of 401 (Unauthorized)
[2026-08-08T22:44:19.295Z] [acquire] net POST 200 https://login.microsoftonline.com/common/instrumentation/dssostatus
[2026-08-08T22:44:19.690Z] [acquire] page.console [verbose] [DOM] Input elements should have autocomplete attributes (suggested: "username"): (More info: https://goo.gl/9p2vKq) %o
[2026-08-08T22:44:20.350Z] [acquire] net POST 200 https://login.microsoftonline.com/4130bd39-7c53-419c-b1e5-8758d6d63f21/login
[2026-08-08T22:44:20.401Z] [acquire] framenavigated -> https://login.microsoftonline.com/4130bd39-7c53-419c-b1e5-8758d6d63f21/login
[2026-08-08T22:44:20.402Z] [acquire] clicked password-submit via input[type=submit]
[2026-08-08T22:44:20.402Z] [acquire] password submitted (value not logged)
[2026-08-08T22:44:20.525Z] [acquire] framenavigated -> https://login.microsoftonline.com/4130bd39-7c53-419c-b1e5-8758d6d63f21/login
[2026-08-08T22:44:20.525Z] [acquire] framenavigated -> https://login.microsoftonline.com/4130bd39-7c53-419c-b1e5-8758d6d63f21/login
[2026-08-08T22:44:20.554Z] [acquire] framenavigated -> https://login.microsoftonline.com/4130bd39-7c53-419c-b1e5-8758d6d63f21/login
[2026-08-08T22:44:20.894Z] [acquire] screenshot -> /Users/davidchen/PaperShelf/experiment-1-fresh-cookie/artifacts/03-awaiting-mfa.png
[2026-08-08T22:44:20.894Z] [acquire] ==================================================================
[2026-08-08T22:44:20.894Z] [acquire] >>> ACTION REQUIRED: approve the Microsoft Authenticator request on <<<
[2026-08-08T22:44:20.894Z] [acquire] >>> your PHONE now (push / number-match). Waiting up to 5 minutes.   <<<
[2026-08-08T22:44:20.894Z] [acquire] ==================================================================
[2026-08-08T22:44:21.462Z] [acquire] net POST 200 https://login.microsoftonline.com/common/SAS/BeginAuth
[2026-08-08T22:44:27.170Z] [acquire] net GET 200 https://login.microsoftonline.com/common/SAS/EndAuth?authMethodId=CompanionAppsNotification&pollCount=1
[2026-08-08T22:44:33.085Z] [acquire] net GET 200 https://login.microsoftonline.com/common/SAS/EndAuth?authMethodId=CompanionAppsNotification&pollCount=2&lastPollStart=1786229066774&lastPollEnd=1786229067168
[2026-08-08T22:44:33.500Z] [acquire] net POST 200 https://login.microsoftonline.com/common/SAS/ProcessAuth
[2026-08-08T22:44:33.509Z] [acquire] framenavigated -> https://login.microsoftonline.com/common/SAS/ProcessAuth
[2026-08-08T22:44:33.631Z] [acquire] framenavigated -> https://login.microsoftonline.com/common/SAS/ProcessAuth
[2026-08-08T22:44:33.631Z] [acquire] framenavigated -> https://login.microsoftonline.com/common/SAS/ProcessAuth
[2026-08-08T22:44:33.659Z] [acquire] framenavigated -> https://login.microsoftonline.com/common/SAS/ProcessAuth
[2026-08-08T22:44:35.306Z] [acquire] net POST 200 https://login.microsoftonline.com/kmsi
[2026-08-08T22:44:35.310Z] [acquire] framenavigated -> https://login.microsoftonline.com/kmsi
[2026-08-08T22:44:35.310Z] [acquire] clicked 'Stay signed in? -> Yes'
[2026-08-08T22:44:35.881Z] [acquire] framenavigated -> https://sso.purdue.edu/idp/profile/SAML2/Redirect/SSO?execution=e1s3
[2026-08-08T22:44:36.075Z] [acquire] framenavigated -> https://sso.purdue.edu/idp/profile/SAML2/Redirect/SSO?execution=e1s3
[2026-08-08T22:44:36.161Z] [acquire] page.console [error] Failed to load resource: the server responded with a status of 404 (Not Found)
[2026-08-08T22:44:36.360Z] [acquire] net POST 302 https://purdue.brightspace.com/d2l/lp/auth/login/samlLogin.d2l
[2026-08-08T22:44:36.584Z] [acquire] net GET 200 https://purdue.brightspace.com/d2l/home
[2026-08-08T22:44:36.585Z] [acquire] framenavigated -> https://purdue.brightspace.com/d2l/home
[2026-08-08T22:44:36.652Z] [acquire] net GET 200 https://purdue.brightspace.com/d2l/img/0/Framework.Browsers.iconChrome.png?v=20.26.7.23576
[2026-08-08T22:44:36.657Z] [acquire] net GET 200 https://purdue.brightspace.com/d2l/img/0/Framework.Browsers.iconMicrosoftEdge.png?v=20.26.7.23576
[2026-08-08T22:44:36.711Z] [acquire] net GET 200 https://purdue.brightspace.com/d2l/img/0/Framework.Browsers.iconFirefox.png?v=20.26.7.23576
[2026-08-08T22:44:36.712Z] [acquire] net GET 200 https://purdue.brightspace.com/d2l/img/0/Framework.Browsers.iconSafari.png?v=20.26.7.23576
[2026-08-08T22:44:36.910Z] [acquire] net GET 200 https://purdue.brightspace.com/d2l/lp/navbars/6606/theme/viewimage/953/view?v=20.26.7.23576
[2026-08-08T22:44:37.142Z] [acquire] net POST 200 https://purdue.brightspace.com/d2l/le/news/widget/6606/RefreshNews?widgetId=1
[2026-08-08T22:44:37.183Z] [acquire] net GET 200 https://purdue.brightspace.com/d2l/lms/news/static/OpenCopyToOtherCoursesDialog.js?v=20.26.7.23576
[2026-08-08T22:44:37.332Z] [acquire] authenticated signal: d2lSessionVal cookie + D2L.LP JS context present
[2026-08-08T22:44:37.435Z] [acquire] net POST 200 https://purdue.brightspace.com/d2l/api/oslo/batch?languageId=1
[2026-08-08T22:44:37.435Z] [acquire] net POST 200 https://purdue.brightspace.com/d2l/api/oslo/batch?languageId=1
[2026-08-08T22:44:37.486Z] [acquire] net GET 200 https://purdue.brightspace.com/d2l/lp/web/faviconView?variant=0&version=1
[2026-08-08T22:44:37.594Z] [acquire] net PUT 200 https://purdue.brightspace.com/d2l/api/le/manageCourses/homepage-component/47/user-settings/375951
[2026-08-08T22:44:37.594Z] [acquire] net GET 200 https://purdue.brightspace.com/d2l/le/manageCourses/api/mycourses?pageSize=20&sort=current&autoPinCourses=false&orgUnitTypeId=3&promotePins=true&embedDepth=0&widgetId=47
[2026-08-08T22:44:37.665Z] [acquire] net POST 200 https://purdue.brightspace.com/d2l/api/oslo/batch?languageId=1
[2026-08-08T22:44:38.503Z] [acquire] page.console [log] Starting Panorama For D2L
[2026-08-08T22:44:38.504Z] [acquire] page.console [log] initializing
[2026-08-08T22:44:38.728Z] [acquire] net GET 200 https://purdue.brightspace.com/d2l/api/lp/1.47/courses/412690/image?autoSelectImage=true&versionNumber=0f5ae477-2843-4b4f-838a-fdc724424a5e
[2026-08-08T22:44:38.738Z] [acquire] net GET 200 https://purdue.brightspace.com/d2l/api/lp/1.47/courses/440703/image?autoSelectImage=true&versionNumber=06d46c6e-bac2-4e41-a570-64d241b4c212
[2026-08-08T22:44:40.109Z] [acquire] screenshot -> /Users/davidchen/PaperShelf/experiment-1-fresh-cookie/artifacts/04-landed.png
[2026-08-08T22:44:40.109Z] [acquire] landed URL: https://purdue.brightspace.com/d2l/home
[2026-08-08T22:44:40.111Z] [acquire] captured cookies: d2lSessionVal, d2lSecureSessionVal
[2026-08-08T22:44:40.113Z] [acquire] cookie lengths: d2lSessionVal=36, d2lSecureSessionVal=36
[2026-08-08T22:44:40.117Z] [acquire] XSRF token extracted
[2026-08-08T22:44:40.117Z] [acquire] csrfToken length: 32
[2026-08-08T22:44:40.119Z] [acquire] wrote /Users/davidchen/PaperShelf/experiment-1-fresh-cookie/artifacts/session.json (cookieHeader length=108)
[2026-08-08T22:44:40.399Z] [acquire] browser closed
