[2026-08-08T22:46:41.617Z] SESSION loaded baseUrl=https://purdue.brightspace.com capturedAt=1786229080118
[2026-08-08T22:46:42.008Z] MINT POST /d2l/lp/auth/oauth2/token status=200 bytes=855 elapsedMs=390
[2026-08-08T22:46:42.009Z] DECODE jwtLen=812 sub=375951 scope=*:*:* exp=1786232801 nbf=1786229201 lifetime=3600s
[2026-08-08T22:46:42.066Z] SPEND whoami GET /d2l/api/lp/1.62/users/whoami status=200 bytes=132 elapsedMs=57
[2026-08-08T22:46:42.139Z] SPEND enrollments GET /d2l/api/lp/1.62/enrollments/myenrollments/?orgUnitTypeId=3&isActive=true status=200 courses=27 bytes=14938 elapsedMs=73
[2026-08-08T22:46:42.140Z] COURSE id=412690 name=Purdue Civics Knowledge Test
[2026-08-08T22:46:42.140Z] COURSE id=440703 name=Scholarly Project Milestones
[2026-08-08T22:46:42.140Z] COURSE id=1092755 name=Fall 2024 CGT 11800-013 LEC
[2026-08-08T22:46:42.140Z] COURSE id=1095299 name=Fall 2024 CS 17600 - Merge
[2026-08-08T22:46:42.140Z] COURSE id=1095315 name=Fall 2024 CS 18000-BLK - Merge
[2026-08-08T22:46:42.140Z] COURSE id=1098548 name=Fall 2024 ENGR 10301-028 LEC
[2026-08-08T22:46:42.140Z] COURSE id=1102425 name=Fall 2024 MA 16200 All Sections - Merge
[2026-08-08T22:46:42.140Z] COURSE id=1139395 name=Honors College Orientation 2024
[2026-08-08T22:46:42.140Z] COURSE id=1217389 name=Spring 2025 CS 18200 - Merge
[2026-08-08T22:46:42.140Z] COURSE id=1220270 name=Spring 2025 MW 1030 - Merge
[2026-08-08T22:46:42.140Z] COURSE id=1222532 name=Spring 2025 MA 26100-794 LEC
[2026-08-08T22:46:42.140Z] COURSE id=1222541 name=Spring 2025 MA 26100 787 788 789 - Merge
[2026-08-08T22:46:42.140Z] COURSE id=1222612 name=Spring 2025 MA 26500-240 LEC
[2026-08-08T22:46:42.140Z] COURSE id=1226312 name=Spring 2025 SCLA 101 Transformative Texts - Merge
[2026-08-08T22:46:42.140Z] COURSE id=1327562 name=Summer 2025 ENGR 39603-001 EX
[2026-08-08T22:46:42.140Z] COURSE id=1360020 name=Fall 2025 CS 25000 - Merge
[2026-08-08T22:46:42.140Z] COURSE id=1360027 name=Fall 2025 CS 25100-LEC - Merge
[2026-08-08T22:46:42.140Z] COURSE id=1360055 name=Fall 2025 CS 25100-P06 PSO
[2026-08-08T22:46:42.140Z] COURSE id=1361997 name=Fall 2025 ECON 57600-004 LEC
[2026-08-08T22:46:42.140Z] COURSE id=1372751 name=Fall 2025 STAT 35000-018 DIS
[2026-08-08T22:46:42.140Z] COURSE id=1413404 name=Fall 2025 PHIL 30400-001 LEC
[2026-08-08T22:46:42.140Z] COURSE id=1415558 name=STARS 2025
[2026-08-08T22:46:42.140Z] COURSE id=1487623 name=Spring 2026 COM 21700-H25 LEC
[2026-08-08T22:46:42.140Z] COURSE id=1488325 name=Spring 2026 CS 25200-LE1 LEC
[2026-08-08T22:46:42.140Z] COURSE id=1488428 name=Spring 2026 CS 47100-LE1 LEC
[2026-08-08T22:46:42.140Z] COURSE id=1495427 name=Spring 2026 MA/STAT 416 - Merge
[2026-08-08T22:46:42.140Z] COURSE id=1498777 name=Spring 2026 PHIL 49000-003 LEC
[2026-08-08T22:46:42.176Z] FINDING csrf omittedMintStatus=200 succeeded=false sessionStub=true required=true
[2026-08-08T22:46:42.237Z] FINDING repeatable repeatable=true differs=true bothValid=true
[2026-08-08T22:46:42.581Z] FINDING xsrf homeStatus=200 sessionStub=true obtainable=false source=null
[2026-08-08T22:46:42.582Z] FINDINGS written to /Users/davidchen/PaperShelf/experiment-2-cookie-to-jwt/artifacts/findings.json
